node.exe : (node:61324) [DEP0180] DeprecationWarning: fs.Stats constructor is deprecated.
At C:\Program Files\nodejs\yarn.ps1:16 char:5
+     & "$basedir/node$exe"  "$basedir/node_modules/corepack/dist/yarn. ...
+     ~~~~~~~~~~~~~~~~~~~~~~~~~~~~~~~~~~~~~~~~~~~~~~~~~~~~~~~~~~~~~~~~~
    + CategoryInfo          : NotSpecified: ((node:61324) [D... is deprecated.:String) [], RemoteException
    + FullyQualifiedErrorId : NativeCommandError
 
(Use `node --trace-deprecation ...` to show where the warning was created)
(node:61324) ExperimentalWarning: Type Stripping is an experimental feature and might change at any time
(Use `node --trace-warnings ...` to show where the warning was created)
[2J[1;3HFound 3 golden plan test cases
[property-planner] Rule 'predicate-pushdown' never fired across 30 runs
[property-planner] Rule 'projection-pruning' never fired across 30 runs
[property-planner] Rule 'join-key-inference' never fired across 30 runs
[property-planner] Rule 'join-greedy-commute' never fired across 30 runs
[property-planner] Rule 'subquery-decorrelation' never fired across 30 runs

[92m [0m[32m 2776 passing[0m[90m (2m)[0m
[36m [0m[36m 2 pending[0m

